celld dev
  Project  /workspace/scratch/b1d2212c27ee/perch/experiments/pi-celld/.runs/run-TcyuVY/project/wrangler.json
  State    /workspace/scratch/b1d2212c27ee/perch/experiments/pi-celld/.runs/run-TcyuVY/project/.celld/dev
  Watch    disabled
  ● opening the local storage
  ● building the application
 celld 0.6.1
───────────────────────────────────────────────
Total Upload: 902.71 KiB / gzip: 171.60 KiB
Your Worker has access to the following bindings:
Binding                                Resource
env.PROBE_SESSIONS (ProbeSession)      Durable Object (SQLite)
env.PROBE_CONTROL_URL (Text)           Environment Variable
Bundled perch-pi-celld-probe (0.07 sec)
2026-10-07T05:41:46.673910Z  INFO celld: host runtime initialized event="host_runtime" worker_count=8
2026-10-07T05:41:46.742245Z  INFO celld::pool: isolate started isolate=1 slot=0 total=1
2026-10-07T05:41:46.751592Z  INFO celld::actor::effects: node lease attempt started event="node_lease_attempt_started" node=dev-4556571e646d attempt="acquire" prior_authority_headroom_ms=0
2026-10-07T05:41:46.751993Z  INFO celld::actor::effects: node lease attempt completed event="node_lease_attempt" node=dev-4556571e646d attempt="acquire" outcome="applied" elapsed_ms=0 prior_authority_headroom_ms=0 candidate_headroom_ms=10000
2026-10-07T05:41:46.755327Z  INFO celld: the fleet is settled; serving readiness is open event="ready_gate_open" readiness_reason="fleet_settled" waited_ms=4
2026-10-07T05:41:46.757861Z  INFO celld::ownership_store: refreshed the shared fleet sample event="fleet_sample_refreshed" leases=1 elapsed_ms=3
2026-10-07T05:41:46.757878Z  INFO celld: every live lease reads a paged epoch, or one does not event="paged_gate" open=true format=2 live_leases=1 view_age_ms=0
celld listening on 127.0.0.1:34225 (ownership=dev)
celld internal listening on 127.0.0.1:35909 (advertise=127.0.0.1:35909)
  ready  http://127.0.0.1:34225
2026-10-07T05:41:46.776266Z  INFO celld::ltx_repl: cloned below the paged threshold cell="ProbeSession:66312fd33087ace0804d4e74384c3c6ee89b37b1fff5ebcb851f273feed0be61" from=2 to=3 bytes=45702 min=268435456
2026-10-07T05:41:46.779668Z  INFO celld::ltx_repl: restored remote replica cell="ProbeSession:66312fd33087ace0804d4e74384c3c6ee89b37b1fff5ebcb851f273feed0be61" from=2 to=3
2026-10-07T05:41:46.780855Z  INFO celld::ltx_repl: computed restore plan event="restore_plan" cell="ProbeSession:66312fd33087ace0804d4e74384c3c6ee89b37b1fff5ebcb851f273feed0be61" epoch=2 to=3 objects=16 bytes=45702 levels=L0:16 total_us=12000 source_lookup_us=7000 plan_us=3 map_us=0 download_us=2481 apply_us=887 paged=false db_open_us=1000
2026-10-07T05:41:46.783962Z  INFO celld::ltx_repl: cloned below the paged threshold cell="ProbeSession:6d053104a73010bf725946ac5c0f92a3f1d5512945fb1ce3dfe2c04cc0e6121a" from=2 to=3 bytes=11782 min=268435456
2026-10-07T05:41:46.784727Z  INFO celld::ltx_repl: cloned below the paged threshold cell="ProbeSession:35e842b240b082ae3d9cfa2717b43ca598ecd77d6d47ea43c7c82aee810c77c6" from=2 to=3 bytes=43319 min=268435456
2026-10-07T05:41:46.784927Z  INFO celld::ltx_repl: restored remote replica cell="ProbeSession:6d053104a73010bf725946ac5c0f92a3f1d5512945fb1ce3dfe2c04cc0e6121a" from=2 to=3
2026-10-07T05:41:46.787155Z  INFO celld::ltx_repl: computed restore plan event="restore_plan" cell="ProbeSession:6d053104a73010bf725946ac5c0f92a3f1d5512945fb1ce3dfe2c04cc0e6121a" epoch=2 to=3 objects=1 bytes=11782 levels=L0:1 total_us=17000 source_lookup_us=14000 plan_us=2 map_us=0 download_us=461 apply_us=475 paged=false db_open_us=2000
2026-10-07T05:41:46.787837Z  INFO celld::ltx_repl: restored remote replica cell="ProbeSession:35e842b240b082ae3d9cfa2717b43ca598ecd77d6d47ea43c7c82aee810c77c6" from=2 to=3
2026-10-07T05:41:46.788519Z  INFO celld::ltx_repl: computed restore plan event="restore_plan" cell="ProbeSession:35e842b240b082ae3d9cfa2717b43ca598ecd77d6d47ea43c7c82aee810c77c6" epoch=2 to=3 objects=15 bytes=43319 levels=L0:15 total_us=21000 source_lookup_us=17000 plan_us=5 map_us=0 download_us=2309 apply_us=772 paged=false db_open_us=1000
2026-10-07T05:41:46.814388Z  INFO celld::pool: isolate started isolate=2 slot=0 total=1
2026-10-07T05:41:46.815626Z  INFO celld::runtime: cell isolate startup completed event="cell_isolate_startup_timing" outcome="ready" failure_phase="" scope=ProbeSession:66312fd33087ace0804d4e74384c3c6ee89b37b1fff5ebcb851f273feed0be61 node=dev-4556571e646d region=us-east-1 runtime_version="0.6.1" epoch=3 fresh=false total_us=34222
2026-10-07T05:41:46.815688Z  INFO celld::runtime: cell runtime published event="cell_runtime_publication" outcome="published" scope=ProbeSession:66312fd33087ace0804d4e74384c3c6ee89b37b1fff5ebcb851f273feed0be61 node=dev-4556571e646d region=us-east-1 runtime_version="0.6.1" epoch=3 isolate_startup_us=34222
2026-10-07T05:41:46.816573Z  INFO celld::runtime: cell isolate startup completed event="cell_isolate_startup_timing" outcome="ready" failure_phase="" scope=ProbeSession:6d053104a73010bf725946ac5c0f92a3f1d5512945fb1ce3dfe2c04cc0e6121a node=dev-4556571e646d region=us-east-1 runtime_version="0.6.1" epoch=3 fresh=false total_us=28903
2026-10-07T05:41:46.816598Z  INFO celld::runtime: cell runtime published event="cell_runtime_publication" outcome="published" scope=ProbeSession:6d053104a73010bf725946ac5c0f92a3f1d5512945fb1ce3dfe2c04cc0e6121a node=dev-4556571e646d region=us-east-1 runtime_version="0.6.1" epoch=3 isolate_startup_us=28903
2026-10-07T05:41:46.819572Z  INFO celld::runtime: cell isolate startup completed event="cell_isolate_startup_timing" outcome="ready" failure_phase="" scope=ProbeSession:35e842b240b082ae3d9cfa2717b43ca598ecd77d6d47ea43c7c82aee810c77c6 node=dev-4556571e646d region=us-east-1 runtime_version="0.6.1" epoch=3 fresh=false total_us=30660
2026-10-07T05:41:46.819660Z  INFO celld::runtime: cell runtime published event="cell_runtime_publication" outcome="published" scope=ProbeSession:35e842b240b082ae3d9cfa2717b43ca598ecd77d6d47ea43c7c82aee810c77c6 node=dev-4556571e646d region=us-east-1 runtime_version="0.6.1" epoch=3 isolate_startup_us=30660
2026-10-07T05:41:46.852456Z  INFO celld::ltx_repl: cloned below the paged threshold cell="ProbeSession:56f3e5931d3120819ffe70fee8e0982b6de1da04b4d2cf7cc9723ede53b837c8" from=2 to=3 bytes=44324 min=268435456
2026-10-07T05:41:46.871536Z  INFO celld::ltx_repl: restored remote replica cell="ProbeSession:56f3e5931d3120819ffe70fee8e0982b6de1da04b4d2cf7cc9723ede53b837c8" from=2 to=3
2026-10-07T05:41:46.872397Z  INFO celld::ltx_repl: computed restore plan event="restore_plan" cell="ProbeSession:56f3e5931d3120819ffe70fee8e0982b6de1da04b4d2cf7cc9723ede53b837c8" epoch=2 to=3 objects=17 bytes=44324 levels=L0:17 total_us=26000 source_lookup_us=6000 plan_us=3 map_us=0 download_us=17998 apply_us=1043 paged=false db_open_us=0
2026-10-07T05:41:46.873634Z  INFO celld::runtime: cell isolate startup completed event="cell_isolate_startup_timing" outcome="ready" failure_phase="" scope=ProbeSession:56f3e5931d3120819ffe70fee8e0982b6de1da04b4d2cf7cc9723ede53b837c8 node=dev-4556571e646d region=us-east-1 runtime_version="0.6.1" epoch=3 fresh=false total_us=865
2026-10-07T05:41:46.873675Z  INFO celld::runtime: cell runtime published event="cell_runtime_publication" outcome="published" scope=ProbeSession:56f3e5931d3120819ffe70fee8e0982b6de1da04b4d2cf7cc9723ede53b837c8 node=dev-4556571e646d region=us-east-1 runtime_version="0.6.1" epoch=3 isolate_startup_us=865
2026-10-07T05:41:46.910667Z  INFO celld::ltx_repl: cloned below the paged threshold cell="ProbeSession:09ba8f2c3e0c1d6ef529afa759da3bfcb6b268a171b8ebd72b23752c97dc1a5a" from=2 to=3 bytes=31072 min=268435456
2026-10-07T05:41:46.914728Z  INFO celld::ltx_repl: restored remote replica cell="ProbeSession:09ba8f2c3e0c1d6ef529afa759da3bfcb6b268a171b8ebd72b23752c97dc1a5a" from=2 to=3
2026-10-07T05:41:46.915483Z  INFO celld::ltx_repl: computed restore plan event="restore_plan" cell="ProbeSession:09ba8f2c3e0c1d6ef529afa759da3bfcb6b268a171b8ebd72b23752c97dc1a5a" epoch=2 to=3 objects=16 bytes=31072 levels=L0:16 total_us=11000 source_lookup_us=7000 plan_us=4 map_us=0 download_us=3326 apply_us=697 paged=false db_open_us=0
2026-10-07T05:41:46.916585Z  INFO celld::runtime: cell isolate startup completed event="cell_isolate_startup_timing" outcome="ready" failure_phase="" scope=ProbeSession:09ba8f2c3e0c1d6ef529afa759da3bfcb6b268a171b8ebd72b23752c97dc1a5a node=dev-4556571e646d region=us-east-1 runtime_version="0.6.1" epoch=3 fresh=false total_us=715
2026-10-07T05:41:46.916619Z  INFO celld::runtime: cell runtime published event="cell_runtime_publication" outcome="published" scope=ProbeSession:09ba8f2c3e0c1d6ef529afa759da3bfcb6b268a171b8ebd72b23752c97dc1a5a node=dev-4556571e646d region=us-east-1 runtime_version="0.6.1" epoch=3 isolate_startup_us=715
